[1.069s] DEBUG:colcon:Command line arguments: ['/usr/bin/colcon', 'build', '--packages-select', 'xf_mic_asr_offline', '--event-handlers', 'console_direct+']
[1.069s] DEBUG:colcon:Parsed command line arguments: Namespace(log_base=None, log_level=None, verb_name='build', build_base='build', install_base='install', merge_install=False, symlink_install=False, test_result_base=None, continue_on_error=False, executor='parallel', parallel_workers=4, event_handlers=['console_direct+'], ignore_user_meta=False, metas=['./colcon.meta'], base_paths=['.'], packages_ignore=None, packages_ignore_regex=None, paths=None, packages_up_to=None, packages_up_to_regex=None, packages_above=None, packages_above_and_dependencies=None, packages_above_depth=None, packages_select_by_dep=None, packages_skip_by_dep=None, packages_skip_up_to=None, packages_select_build_failed=False, packages_skip_build_finished=False, packages_select_test_failures=False, packages_skip_test_passed=False, packages_select=['xf_mic_asr_offline'], packages_skip=None, packages_select_regex=None, packages_skip_regex=None, packages_start=None, packages_end=None, cmake_args=None, cmake_target=None, cmake_target_skip_unavailable=False, cmake_clean_cache=False, cmake_clean_first=False, cmake_force_configure=False, ament_cmake_args=None, catkin_cmake_args=None, catkin_skip_building_tests=False, mixin_files=None, mixin=None, verb_parser=<colcon_mixin.mixin.mixin_argument.MixinArgumentDecorator object at 0x7fff5e3430d0>, verb_extension=<colcon_core.verb.build.BuildVerb object at 0x7fff5e51faf0>, main=<bound method BuildVerb.main of <colcon_core.verb.build.BuildVerb object at 0x7fff5e51faf0>>, mixin_verb=('build',))
[1.138s] Level 1:colcon.colcon_core.package_discovery:discover_packages(colcon_meta) check parameters
[1.138s] Level 1:colcon.colcon_core.package_discovery:discover_packages(recursive) check parameters
[1.139s] Level 1:colcon.colcon_core.package_discovery:discover_packages(ignore) check parameters
[1.139s] Level 1:colcon.colcon_core.package_discovery:discover_packages(path) check parameters
[1.139s] Level 1:colcon.colcon_core.package_discovery:discover_packages(colcon_meta) discover
[1.139s] Level 1:colcon.colcon_core.package_discovery:discover_packages(recursive) discover
[1.139s] INFO:colcon.colcon_core.package_discovery:Crawling recursively for packages in '/home/ubuntu/ros2_ws/src/xf_mic_asr_offline'
[1.139s] Level 1:colcon.colcon_core.package_identification:_identify(.) by extensions ['ignore', 'ignore_ament_install']
[1.139s] Level 1:colcon.colcon_core.package_identification:_identify(.) by extension 'ignore'
[1.139s] Level 1:colcon.colcon_core.package_identification:_identify(.) by extension 'ignore_ament_install'
[1.139s] Level 1:colcon.colcon_core.package_identification:_identify(.) by extensions ['colcon_pkg']
[1.139s] Level 1:colcon.colcon_core.package_identification:_identify(.) by extension 'colcon_pkg'
[1.139s] Level 1:colcon.colcon_core.package_identification:_identify(.) by extensions ['colcon_meta']
[1.139s] Level 1:colcon.colcon_core.package_identification:_identify(.) by extension 'colcon_meta'
[1.139s] Level 1:colcon.colcon_core.package_identification:_identify(.) by extensions ['ros']
[1.140s] Level 1:colcon.colcon_core.package_identification:_identify(.) by extension 'ros'
[1.174s] DEBUG:colcon.colcon_core.package_identification:Package '.' with type 'ros.ament_cmake' and name 'xf_mic_asr_offline'
[1.175s] Level 1:colcon.colcon_core.package_discovery:discover_packages(recursive) using defaults
[1.175s] Level 1:colcon.colcon_core.package_discovery:discover_packages(ignore) discover
[1.175s] Level 1:colcon.colcon_core.package_discovery:discover_packages(ignore) using defaults
[1.175s] Level 1:colcon.colcon_core.package_discovery:discover_packages(path) discover
[1.175s] Level 1:colcon.colcon_core.package_discovery:discover_packages(path) using defaults
[1.288s] Level 5:colcon.colcon_core.verb:set package 'xf_mic_asr_offline' build argument 'cmake_args' from command line to 'None'
[1.288s] Level 5:colcon.colcon_core.verb:set package 'xf_mic_asr_offline' build argument 'cmake_target' from command line to 'None'
[1.288s] Level 5:colcon.colcon_core.verb:set package 'xf_mic_asr_offline' build argument 'cmake_target_skip_unavailable' from command line to 'False'
[1.288s] Level 5:colcon.colcon_core.verb:set package 'xf_mic_asr_offline' build argument 'cmake_clean_cache' from command line to 'False'
[1.288s] Level 5:colcon.colcon_core.verb:set package 'xf_mic_asr_offline' build argument 'cmake_clean_first' from command line to 'False'
[1.288s] Level 5:colcon.colcon_core.verb:set package 'xf_mic_asr_offline' build argument 'cmake_force_configure' from command line to 'False'
[1.289s] Level 5:colcon.colcon_core.verb:set package 'xf_mic_asr_offline' build argument 'ament_cmake_args' from command line to 'None'
[1.289s] Level 5:colcon.colcon_core.verb:set package 'xf_mic_asr_offline' build argument 'catkin_cmake_args' from command line to 'None'
[1.289s] Level 5:colcon.colcon_core.verb:set package 'xf_mic_asr_offline' build argument 'catkin_skip_building_tests' from command line to 'False'
[1.289s] DEBUG:colcon.colcon_core.verb:Building package 'xf_mic_asr_offline' with the following arguments: {'ament_cmake_args': None, 'build_base': '/home/ubuntu/ros2_ws/src/xf_mic_asr_offline/build/xf_mic_asr_offline', 'catkin_cmake_args': None, 'catkin_skip_building_tests': False, 'cmake_args': None, 'cmake_clean_cache': False, 'cmake_clean_first': False, 'cmake_force_configure': False, 'cmake_target': None, 'cmake_target_skip_unavailable': False, 'install_base': '/home/ubuntu/ros2_ws/src/xf_mic_asr_offline/install/xf_mic_asr_offline', 'merge_install': False, 'path': '/home/ubuntu/ros2_ws/src/xf_mic_asr_offline', 'symlink_install': False, 'test_result_base': None}
[1.307s] INFO:colcon.colcon_core.executor:Executing jobs using 'parallel' executor
[1.324s] DEBUG:colcon.colcon_parallel_executor.executor.parallel:run_until_complete
[1.325s] INFO:colcon.colcon_ros.task.ament_cmake.build:Building ROS package in '/home/ubuntu/ros2_ws/src/xf_mic_asr_offline' with build type 'ament_cmake'
[1.326s] INFO:colcon.colcon_cmake.task.cmake.build:Building CMake package in '/home/ubuntu/ros2_ws/src/xf_mic_asr_offline'
[1.347s] INFO:colcon.colcon_core.plugin_system:Skipping extension 'colcon_core.shell.bat': Not used on non-Windows systems
[1.348s] INFO:colcon.colcon_core.shell:Skip shell extension 'powershell' for command environment: Not usable outside of PowerShell
[1.349s] DEBUG:colcon.colcon_core.shell:Skip shell extension 'dsv' for command environment
[1.407s] DEBUG:colcon.colcon_core.event_handler.log_command:Invoking command in '/home/ubuntu/ros2_ws/src/xf_mic_asr_offline/build/xf_mic_asr_offline': CMAKE_PREFIX_PATH=${CMAKE_PREFIX_PATH}:/home/ubuntu/ros2_ws/install/yolov5_ros2:/home/ubuntu/ros2_ws/install/slam:/home/ubuntu/ros2_ws/install/sdk:/home/ubuntu/ros2_ws/install/ros_robot_controller:/home/ubuntu/ros2_ws/install/peripherals:/home/ubuntu/ros2_ws/install/navigation:/home/ubuntu/ros2_ws/install/my_test:/home/ubuntu/ros2_ws/install/multi:/home/ubuntu/ros2_ws/install/mentorpi_description:/home/ubuntu/ros2_ws/install/example:/home/ubuntu/ros2_ws/install/controller:/home/ubuntu/ros2_ws/install/calibration:/home/ubuntu/ros2_ws/install/bringup:/home/ubuntu/ros2_ws/install/app /usr/bin/cmake /home/ubuntu/ros2_ws/src/xf_mic_asr_offline -DCMAKE_INSTALL_PREFIX=/home/ubuntu/ros2_ws/src/xf_mic_asr_offline/install/xf_mic_asr_offline
[2.008s] DEBUG:colcon.colcon_core.event_handler.log_command:Invoked command in '/home/ubuntu/ros2_ws/src/xf_mic_asr_offline/build/xf_mic_asr_offline' returned '1': CMAKE_PREFIX_PATH=${CMAKE_PREFIX_PATH}:/home/ubuntu/ros2_ws/install/yolov5_ros2:/home/ubuntu/ros2_ws/install/slam:/home/ubuntu/ros2_ws/install/sdk:/home/ubuntu/ros2_ws/install/ros_robot_controller:/home/ubuntu/ros2_ws/install/peripherals:/home/ubuntu/ros2_ws/install/navigation:/home/ubuntu/ros2_ws/install/my_test:/home/ubuntu/ros2_ws/install/multi:/home/ubuntu/ros2_ws/install/mentorpi_description:/home/ubuntu/ros2_ws/install/example:/home/ubuntu/ros2_ws/install/controller:/home/ubuntu/ros2_ws/install/calibration:/home/ubuntu/ros2_ws/install/bringup:/home/ubuntu/ros2_ws/install/app /usr/bin/cmake /home/ubuntu/ros2_ws/src/xf_mic_asr_offline -DCMAKE_INSTALL_PREFIX=/home/ubuntu/ros2_ws/src/xf_mic_asr_offline/install/xf_mic_asr_offline
[2.025s] Level 1:colcon.colcon_core.environment:create_environment_scripts_only(xf_mic_asr_offline)
[2.051s] Level 1:colcon.colcon_core.environment:checking '/home/ubuntu/ros2_ws/src/xf_mic_asr_offline/install/xf_mic_asr_offline' for CMake module files
[2.051s] Level 1:colcon.colcon_core.environment:checking '/home/ubuntu/ros2_ws/src/xf_mic_asr_offline/install/xf_mic_asr_offline' for CMake config files
[2.051s] Level 1:colcon.colcon_core.environment:checking '/home/ubuntu/ros2_ws/src/xf_mic_asr_offline/install/xf_mic_asr_offline/bin'
[2.052s] Level 1:colcon.colcon_core.environment:checking '/home/ubuntu/ros2_ws/src/xf_mic_asr_offline/install/xf_mic_asr_offline/lib/pkgconfig/xf_mic_asr_offline.pc'
[2.058s] Level 1:colcon.colcon_core.environment:checking '/home/ubuntu/ros2_ws/src/xf_mic_asr_offline/install/xf_mic_asr_offline/lib/python3.10/site-packages'
[2.059s] Level 1:colcon.colcon_core.environment:checking '/home/ubuntu/ros2_ws/src/xf_mic_asr_offline/install/xf_mic_asr_offline/bin'
[2.081s] INFO:colcon.colcon_core.shell:Creating package script '/home/ubuntu/ros2_ws/src/xf_mic_asr_offline/install/xf_mic_asr_offline/share/xf_mic_asr_offline/package.ps1'
[2.083s] INFO:colcon.colcon_core.shell:Creating package descriptor '/home/ubuntu/ros2_ws/src/xf_mic_asr_offline/install/xf_mic_asr_offline/share/xf_mic_asr_offline/package.dsv'
[2.084s] INFO:colcon.colcon_core.shell:Creating package script '/home/ubuntu/ros2_ws/src/xf_mic_asr_offline/install/xf_mic_asr_offline/share/xf_mic_asr_offline/package.sh'
[2.085s] INFO:colcon.colcon_core.shell:Creating package script '/home/ubuntu/ros2_ws/src/xf_mic_asr_offline/install/xf_mic_asr_offline/share/xf_mic_asr_offline/package.bash'
[2.086s] INFO:colcon.colcon_core.shell:Creating package script '/home/ubuntu/ros2_ws/src/xf_mic_asr_offline/install/xf_mic_asr_offline/share/xf_mic_asr_offline/package.zsh'
[2.087s] Level 1:colcon.colcon_core.environment:create_file_with_runtime_dependencies(/home/ubuntu/ros2_ws/src/xf_mic_asr_offline/install/xf_mic_asr_offline/share/colcon-core/packages/xf_mic_asr_offline)
[2.098s] DEBUG:colcon.colcon_parallel_executor.executor.parallel:closing loop
[2.098s] DEBUG:colcon.colcon_parallel_executor.executor.parallel:loop closed
[2.098s] DEBUG:colcon.colcon_parallel_executor.executor.parallel:run_until_complete finished with '1'
[2.098s] DEBUG:colcon.colcon_core.event_reactor:joining thread
[2.133s] INFO:colcon.colcon_core.plugin_system:Skipping extension 'colcon_notification.desktop_notification.notify_send': Could not find 'notify-send'
[2.133s] INFO:colcon.colcon_core.plugin_system:Skipping extension 'colcon_notification.desktop_notification.terminal_notifier': Not used on non-Darwin systems
[2.133s] INFO:colcon.colcon_core.plugin_system:Skipping extension 'colcon_notification.desktop_notification.win32': Not used on non-Windows systems
[2.133s] INFO:colcon.colcon_notification.desktop_notification:Sending desktop notification using 'notify2'
[2.139s] DEBUG:colcon.colcon_notification.desktop_notification.notify2:Failed to initialize notify2: org.freedesktop.DBus.Error.ServiceUnknown: The name org.freedesktop.Notifications was not provided by any .service files
[2.139s] DEBUG:colcon.colcon_core.event_reactor:joined thread
[2.160s] INFO:colcon.colcon_core.shell:Creating prefix script '/home/ubuntu/ros2_ws/src/xf_mic_asr_offline/install/local_setup.ps1'
[2.164s] INFO:colcon.colcon_core.shell:Creating prefix util module '/home/ubuntu/ros2_ws/src/xf_mic_asr_offline/install/_local_setup_util_ps1.py'
[2.166s] INFO:colcon.colcon_core.shell:Creating prefix chain script '/home/ubuntu/ros2_ws/src/xf_mic_asr_offline/install/setup.ps1'
[2.182s] INFO:colcon.colcon_core.shell:Creating prefix script '/home/ubuntu/ros2_ws/src/xf_mic_asr_offline/install/local_setup.sh'
[2.182s] INFO:colcon.colcon_core.shell:Creating prefix util module '/home/ubuntu/ros2_ws/src/xf_mic_asr_offline/install/_local_setup_util_sh.py'
[2.184s] INFO:colcon.colcon_core.shell:Creating prefix chain script '/home/ubuntu/ros2_ws/src/xf_mic_asr_offline/install/setup.sh'
[2.198s] INFO:colcon.colcon_core.shell:Creating prefix script '/home/ubuntu/ros2_ws/src/xf_mic_asr_offline/install/local_setup.bash'
[2.198s] INFO:colcon.colcon_core.shell:Creating prefix chain script '/home/ubuntu/ros2_ws/src/xf_mic_asr_offline/install/setup.bash'
[2.213s] INFO:colcon.colcon_core.shell:Creating prefix script '/home/ubuntu/ros2_ws/src/xf_mic_asr_offline/install/local_setup.zsh'
[2.214s] INFO:colcon.colcon_core.shell:Creating prefix chain script '/home/ubuntu/ros2_ws/src/xf_mic_asr_offline/install/setup.zsh'
